2026-10-08T02:14Z	nfl lines	cost=3	used=6	left=494
2026-10-08T02:14Z	nfl events	cost=0	used=6	left=494
2026-10-08T02:14Z	nfl|TB@DAL|2026-10-09 props	cost=9	used=15	left=485
2026-10-08T02:14Z	nfl|PHI@JAX|2026-10-11 props	cost=9	used=24	left=476
2026-10-08T02:14Z	nfl|CHI@GB|2026-10-11 props	cost=9	used=33	left=467
2026-10-08T02:14Z	nfl|HOU@TEN|2026-10-11 props	cost=8	used=41	left=459
2026-10-08T02:14Z	nfl|CIN@MIA|2026-10-11 props	cost=7	used=48	left=452
2026-10-08T02:14Z	nfl|LV@NE|2026-10-11 props	cost=9	used=57	left=443
2026-10-08T02:14Z	nfl|MIN@NO|2026-10-11 props	cost=9	used=66	left=434
2026-10-08T02:14Z	nfl|CLE@NYJ|2026-10-11 props	cost=9	used=75	left=425
2026-10-08T02:14Z	nfl|IND@PIT|2026-10-11 props	cost=9	used=84	left=416
2026-10-08T02:14Z	nfl|NYG@WSH|2026-10-11 props	cost=9	used=93	left=407
2026-10-08T02:14Z	nfl|DEN@LAC|2026-10-11 props	cost=9	used=102	left=398
2026-10-08T02:14Z	nfl|DET@ARI|2026-10-11 props	cost=9	used=111	left=389
2026-10-08T02:14Z	nfl|SF@SEA|2026-10-11 props	cost=9	used=120	left=380
2026-10-08T02:14Z	nfl|BAL@ATL|2026-10-12 props	cost=9	used=129	left=371
2026-10-08T02:14Z	nfl|BUF@LAR|2026-10-13 props	cost=9	used=138	left=362
2026-10-08T02:14Z	cfb lines	cost=3	used=141	left=359
2026-10-08T02:14Z	cfb events	cost=0	used=141	left=359
2026-10-08T02:14Z	cfb|MOST@WKU|2026-10-08 props	cost=6	used=147	left=353
2026-10-08T02:14Z	cfb|USF@UTSA|2026-10-08 props	cost=5	used=152	left=348
2026-10-08T02:14Z	cfb|USA@ARST|2026-10-08 props	cost=6	used=158	left=342
2026-10-08T02:14Z	cfb|FSU@LOU|2026-10-09 props	cost=5	used=163	left=337
2026-10-08T02:14Z	cfb|IOWA@WASH|2026-10-10 props	cost=6	used=169	left=331
2026-10-08T02:14Z	cfb|WSU@USU|2026-10-10 props	cost=1	used=170	left=330
2026-10-08T02:14Z	cfb|ISU@BYU|2026-10-10 props	cost=5	used=175	left=325
2026-10-08T02:14Z	cfb|IU@NEB|2026-10-10 props	cost=5	used=180	left=320
2026-10-08T02:14Z	cfb|TA&M@MIZ|2026-10-10 props	cost=5	used=185	left=315
2026-10-08T02:14Z	cfb|UCF@OKST|2026-10-10 props	cost=1	used=186	left=314
2026-10-08T02:14Z	cfb|UNC@PITT|2026-10-10 props	cost=1	used=187	left=313
2026-10-08T02:14Z	cfb|ARIZ@WVU|2026-10-10 props	cost=1	used=188	left=312
2026-10-08T02:14Z	cfb|WAKE@NCSU|2026-10-10 props	cost=1	used=189	left=311
2026-10-08T02:14Z	cfb|TULN@ARMY|2026-10-10 props	cost=0	used=189	left=311
2026-10-08T02:14Z	cfb|SAC@BGSU|2026-10-10 props	cost=0	used=189	left=311
2026-10-08T02:14Z	cfb|BALL@NU|2026-10-10 props	cost=1	used=190	left=310
2026-10-08T02:14Z	cfb|SC@FLA|2026-10-10 props	cost=6	used=196	left=304
2026-10-08T02:14Z	cfb|TEX@OU|2026-10-10 props	cost=6	used=202	left=298
2026-10-08T02:14Z	cfb|STAN@ND|2026-10-10 props	cost=6	used=208	left=292
2026-10-08T02:14Z	cfb|MISS@VAN|2026-10-10 props	cost=5	used=213	left=287
2026-10-08T02:14Z	cfb|UCLA@ORE|2026-10-10 props	cost=6	used=219	left=281
2026-10-08T02:14Z	cfb|HOU@KSU|2026-10-10 props	cost=5	used=224	left=276
2026-10-08T02:14Z	cfb|DUKE@GT|2026-10-10 props	cost=6	used=230	left=270
2026-10-08T02:14Z	cfb|VT@CAL|2026-10-10 props	cost=1	used=231	left=269
2026-10-08T02:14Z	cfb|ILL@MSU|2026-10-10 props	cost=1	used=232	left=268
2026-10-08T02:14Z	cfb|CLT@UNT|2026-10-10 props	cost=0	used=232	left=268
2026-10-08T02:14Z	cfb|TLSA@NAVY|2026-10-10 props	cost=0	used=232	left=268
2026-10-08T02:14Z	cfb|EMU@AKR|2026-10-10 props	cost=0	used=232	left=268
2026-10-08T02:14Z	cfb|BUFF@TOL|2026-10-10 props	cost=0	used=232	left=268
2026-10-08T02:14Z	cfb|CMU@OHIO|2026-10-10 props	cost=0	used=232	left=268
2026-10-08T02:14Z	cfb|KENT@WMU|2026-10-10 props	cost=0	used=232	left=268
2026-10-08T02:14Z	cfb|CONN@TEM|2026-10-10 props	cost=0	used=232	left=268
2026-10-08T02:14Z	cfb|RICE@ECU|2026-10-10 props	cost=0	used=232	left=268
2026-10-08T02:14Z	cfb|MD@OSU|2026-10-10 props	cost=6	used=238	left=262
2026-10-08T02:14Z	cfb|TENN@ARK|2026-10-10 props	cost=1	used=239	left=261
2026-10-08T02:14Z	cfb|SDSU@ORST|2026-10-10 props	cost=0	used=239	left=261
2026-10-08T02:14Z	cfb|LSU@UK|2026-10-10 props	cost=5	used=244	left=256
2026-10-08T02:14Z	cfb|UAB@MEM|2026-10-10 props	cost=0	used=244	left=256
2026-10-08T02:14Z	cfb|NEV@UTEP|2026-10-10 props	cost=0	used=244	left=256
2026-10-08T02:14Z	cfb|NDSU@UNLV|2026-10-10 props	cost=1	used=245	left=255
2026-10-08T02:14Z	cfb|CCU@MRSH|2026-10-10 props	cost=0	used=245	left=255
2026-10-08T02:14Z	cfb|UGA@ALA|2026-10-10 props	cost=6	used=251	left=249
2026-10-08T02:14Z	cfb|USC@PSU|2026-10-10 props	cost=6	used=257	left=243
2026-10-08T02:14Z	cfb|SYR@UVA|2026-10-10 props	cost=1	used=258	left=242
2026-10-08T02:14Z	cfb|AFA@NIU|2026-10-10 props	cost=0	used=258	left=242
2026-10-08T02:14Z	cfb|JMU@GASO|2026-10-10 props	cost=0	used=258	left=242
2026-10-08T02:14Z	cfb|MINN@PUR|2026-10-11 props	cost=1	used=259	left=241
2026-10-08T13:20Z	cfb events	cost=0	used=265	left=235
2026-10-08T13:20Z	cfb|KU@UTAH|2026-10-11 props	cost=5	used=270	left=230
2026-10-08T13:20Z	cfb|BOIS@FRES|2026-10-11 props	cost=1	used=271	left=229
2026-10-08T17:20Z	cfb lines	cost=3	used=274	left=226
2026-10-08T17:20Z	cfb events	cost=0	used=274	left=226
2026-10-08T17:20Z	cfb|MOST@WKU|2026-10-08 props	cost=6	used=280	left=220
2026-10-09T05:20Z	nfl lines	cost=3	used=310	left=190
2026-10-09T05:20Z	cfb events	cost=0	used=310	left=190
2026-10-09T17:20Z	nfl events	cost=0	used=310	left=190
2026-10-09T17:20Z	nfl|PHI@JAX|2026-10-11 props	cost=9	used=319	left=181
2026-10-09T17:20Z	nfl|CHI@GB|2026-10-11 props	cost=9	used=328	left=172
2026-10-09T17:20Z	nfl|HOU@TEN|2026-10-11 props	cost=9	used=337	left=163
2026-10-09T17:20Z	nfl|CIN@MIA|2026-10-11 props	cost=9	used=346	left=154
2026-10-09T17:20Z	nfl|LV@NE|2026-10-11 props	cost=9	used=355	left=145
2026-10-09T17:20Z	nfl|MIN@NO|2026-10-11 props	cost=9	used=364	left=136
2026-10-09T17:20Z	nfl|CLE@NYJ|2026-10-11 props	cost=9	used=373	left=127
2026-10-09T17:20Z	nfl|IND@PIT|2026-10-11 props	cost=9	used=382	left=118
2026-10-09T17:20Z	nfl|NYG@WSH|2026-10-11 props	cost=9	used=391	left=109
2026-10-09T17:20Z	nfl|DEN@LAC|2026-10-11 props	cost=9	used=400	left=100
2026-10-09T17:20Z	nfl|DET@ARI|2026-10-11 props	cost=9	used=409	left=91
2026-10-09T17:20Z	nfl|SF@SEA|2026-10-11 props	cost=9	used=418	left=82
2026-10-09T17:20Z	nfl|BAL@ATL|2026-10-12 props	cost=9	used=427	left=73
2026-10-09T17:20Z	nfl|BUF@LAR|2026-10-13 props	cost=9	used=436	left=64
2026-10-09T17:20Z	cfb lines	cost=3	used=439	left=61
2026-10-09T17:20Z	cfb events	cost=0	used=439	left=61
2026-10-09T17:20Z	cfb|FSU@LOU|2026-10-09 props	cost=5	used=444	left=56
2026-10-09T17:20Z	cfb|IOWA@WASH|2026-10-10 props	cost=6	used=450	left=50
2026-10-09T17:20Z	cfb|WSU@USU|2026-10-10 props	cost=6	used=456	left=44
2026-10-09T17:20Z	cfb|ISU@BYU|2026-10-10 props	cost=6	used=462	left=38
2026-10-10T00:32Z	cfb lines	cost=3	used=465	left=35
2026-10-10T00:32Z	cfb events	cost=0	used=465	left=35
2026-10-10T05:20Z	nfl lines	cost=3	used=468	left=32
2026-10-10T05:20Z	cfb events	cost=0	used=468	left=32
2026-10-10T15:11Z	cfb lines	cost=3	used=471	left=29
2026-10-10T15:11Z	cfb events	cost=0	used=471	left=29
